// Jest Snapshot v1, https://jestjs.io/docs/snapshot-testing

exports[`Info and Actions Panel Snapshot Test should match the snapshot of the game controls panel 1`] = `
"
                <h2>Actions</h2>
                <div class="action-buttons">
                    <button id="btn-rest-end-turn">Rest / End Turn</button>
                    <button id="btn-travel" class="location-specific hidden">Travel</button>
                    <button id="btn-work-shift" class="location-specific hidden">Work Shift</button>
                    <button id="btn-take-course" class="location-specific hidden">Take Course</button>
                    <button id="btn-buy-item" class="location-specific hidden">Buy Item</button>
                    <button id="btn-deposit" class="location-specific hidden">Deposit</button>
                    <button id="btn-withdraw" class="location-specific hidden">Withdraw</button>
                    <button id="btn-take-loan" class="location-specific hidden">Take Loan</button>
                    <button id="btn-repay-loan" class="location-specific hidden">Repay Loan</button>
                    <button id="btn-buy-car" class="location-specific hidden">Buy Car</button>
                </div>
            "
`;

exports[`Info and Actions Panel Snapshot Test should match the snapshot of the location info panel 1`] = `
"
                <h2>Current Location</h2>
                <p>Current Location: <span id="current-location">Start</span></p>
                <p>Turn: <span id="game-turn">1</span></p>
            "
`;
